// Jest Snapshot v1, https://goo.gl/fbAQLP

exports[`Location Renders the component 1`] = `
ShallowWrapper {
  Symbol(enzyme.__root__): [Circular],
  Symbol(enzyme.__unrendered__): <Location
    handleLocationChange={[MockFunction]}
    handleLocationSelect={[MockFunction]}
    location="foo location"
  />,
  Symbol(enzyme.__renderer__): Object {
    "batchedUpdates": [Function],
    "checkPropTypes": [Function],
    "getNode": [Function],
    "render": [Function],
    "simulateError": [Function],
    "simulateEvent": [Function],
    "unmount": [Function],
  },
  Symbol(enzyme.__node__): Object {
    "instance": null,
    "key": undefined,
    "nodeType": "host",
    "props": Object {
      "children": Array [
        <SectionTitle
          text="Location"
        />,
        <WithStyles(Typography)
          className="nabi-margin-top-xsmall"
        >
          Please enter your home address.
        </WithStyles(Typography)>,
        <PlacesAutocomplete
          debounce={200}
          highlightFirstSuggestion={false}
          onChange={[MockFunction]}
          onError={[Function]}
          onSelect={[MockFunction]}
          searchOptions={Object {}}
          shouldFetchSuggestions={true}
          value="foo location"
        >
          [Function]
        </PlacesAutocomplete>,
      ],
      "className": "nabi-margin-top-large nabi-margin-bottom-xlarge",
    },
    "ref": null,
    "rendered": Array [
      Object {
        "instance": null,
        "key": undefined,
        "nodeType": "function",
        "props": Object {
          "text": "Location",
        },
        "ref": null,
        "rendered": null,
        "type": [Function],
      },
      Object {
        "instance": null,
        "key": undefined,
        "nodeType": "class",
        "props": Object {
          "children": "Please enter your home address.",
          "className": "nabi-margin-top-xsmall",
        },
        "ref": null,
        "rendered": "Please enter your home address.",
        "type": [Function],
      },
      Object {
        "instance": null,
        "key": undefined,
        "nodeType": "class",
        "props": Object {
          "children": [Function],
          "debounce": 200,
          "highlightFirstSuggestion": false,
          "onChange": [MockFunction],
          "onError": [Function],
          "onSelect": [MockFunction],
          "searchOptions": Object {},
          "shouldFetchSuggestions": true,
          "value": "foo location",
        },
        "ref": null,
        "rendered": [Function],
        "type": [Function],
      },
    ],
    "type": "div",
  },
  Symbol(enzyme.__nodes__): Array [
    Object {
      "instance": null,
      "key": undefined,
      "nodeType": "host",
      "props": Object {
        "children": Array [
          <SectionTitle
            text="Location"
          />,
          <WithStyles(Typography)
            className="nabi-margin-top-xsmall"
          >
            Please enter your home address.
          </WithStyles(Typography)>,
          <PlacesAutocomplete
            debounce={200}
            highlightFirstSuggestion={false}
            onChange={[MockFunction]}
            onError={[Function]}
            onSelect={[MockFunction]}
            searchOptions={Object {}}
            shouldFetchSuggestions={true}
            value="foo location"
          >
            [Function]
          </PlacesAutocomplete>,
        ],
        "className": "nabi-margin-top-large nabi-margin-bottom-xlarge",
      },
      "ref": null,
      "rendered": Array [
        Object {
          "instance": null,
          "key": undefined,
          "nodeType": "function",
          "props": Object {
            "text": "Location",
          },
          "ref": null,
          "rendered": null,
          "type": [Function],
        },
        Object {
          "instance": null,
          "key": undefined,
          "nodeType": "class",
          "props": Object {
            "children": "Please enter your home address.",
            "className": "nabi-margin-top-xsmall",
          },
          "ref": null,
          "rendered": "Please enter your home address.",
          "type": [Function],
        },
        Object {
          "instance": null,
          "key": undefined,
          "nodeType": "class",
          "props": Object {
            "children": [Function],
            "debounce": 200,
            "highlightFirstSuggestion": false,
            "onChange": [MockFunction],
            "onError": [Function],
            "onSelect": [MockFunction],
            "searchOptions": Object {},
            "shouldFetchSuggestions": true,
            "value": "foo location",
          },
          "ref": null,
          "rendered": [Function],
          "type": [Function],
        },
      ],
      "type": "div",
    },
  ],
  Symbol(enzyme.__options__): Object {
    "adapter": ReactSixteenAdapter {
      "options": Object {
        "enableComponentDidUpdateOnSetState": true,
        "legacyContextMode": "parent",
        "lifecycles": Object {
          "componentDidUpdate": Object {
            "onSetState": true,
          },
          "getChildContext": Object {
            "calledByRenderer": false,
          },
          "getDerivedStateFromError": true,
          "getDerivedStateFromProps": Object {
            "hasShouldComponentUpdateBug": false,
          },
          "getSnapshotBeforeUpdate": true,
          "setState": Object {
            "skipsComponentDidUpdateOnNullish": true,
          },
        },
      },
    },
    Symbol(enzyme.__providerValues__): undefined,
  },
  Symbol(enzyme.__providerValues__): Map {},
}
`;
