// Jest Snapshot v1, https://goo.gl/fbAQLP

exports[`PhoneNumberAdded Renders the component 1`] = `
ShallowWrapper {
  Symbol(enzyme.__root__): [Circular],
  Symbol(enzyme.__unrendered__): <PhoneNumberAdded
    phoneNumber="232312313"
  />,
  Symbol(enzyme.__renderer__): Object {
    "batchedUpdates": [Function],
    "checkPropTypes": [Function],
    "getNode": [Function],
    "render": [Function],
    "simulateError": [Function],
    "simulateEvent": [Function],
    "unmount": [Function],
  },
  Symbol(enzyme.__node__): Object {
    "instance": null,
    "key": undefined,
    "nodeType": "class",
    "props": Object {
      "children": Array [
        <WithStyles(Grid)
          item={true}
          md={undefined}
          xs={12}
        >
          <WithStyles(Typography)>
            232312313
          </WithStyles(Typography)>
        </WithStyles(Grid)>,
        <WithStyles(Grid)
          item={true}
          md={undefined}
          xs={12}
        >
          <WithStyles(Typography)
            className="nabi-margin-right-xsmall nabi-color-nabi nabi-display-inline"
            color="primary"
          >
            Phone Verified
          </WithStyles(Typography)>
          <WithStyles(IconButton)
            color="primary"
            disabled={true}
          >
            <WithStyles(Icon)>
              done
            </WithStyles(Icon)>
          </WithStyles(IconButton)>
        </WithStyles(Grid)>,
      ],
      "container": true,
      "item": true,
      "xs": 12,
    },
    "ref": null,
    "rendered": Array [
      Object {
        "instance": null,
        "key": undefined,
        "nodeType": "class",
        "props": Object {
          "children": <WithStyles(Typography)>
            232312313
          </WithStyles(Typography)>,
          "item": true,
          "md": undefined,
          "xs": 12,
        },
        "ref": null,
        "rendered": Object {
          "instance": null,
          "key": undefined,
          "nodeType": "class",
          "props": Object {
            "children": "232312313",
          },
          "ref": null,
          "rendered": "232312313",
          "type": [Function],
        },
        "type": [Function],
      },
      Object {
        "instance": null,
        "key": undefined,
        "nodeType": "class",
        "props": Object {
          "children": Array [
            <WithStyles(Typography)
              className="nabi-margin-right-xsmall nabi-color-nabi nabi-display-inline"
              color="primary"
            >
              Phone Verified
            </WithStyles(Typography)>,
            <WithStyles(IconButton)
              color="primary"
              disabled={true}
            >
              <WithStyles(Icon)>
                done
              </WithStyles(Icon)>
            </WithStyles(IconButton)>,
          ],
          "item": true,
          "md": undefined,
          "xs": 12,
        },
        "ref": null,
        "rendered": Array [
          Object {
            "instance": null,
            "key": undefined,
            "nodeType": "class",
            "props": Object {
              "children": "Phone Verified",
              "className": "nabi-margin-right-xsmall nabi-color-nabi nabi-display-inline",
              "color": "primary",
            },
            "ref": null,
            "rendered": "Phone Verified",
            "type": [Function],
          },
          Object {
            "instance": null,
            "key": undefined,
            "nodeType": "class",
            "props": Object {
              "children": <WithStyles(Icon)>
                done
              </WithStyles(Icon)>,
              "color": "primary",
              "disabled": true,
            },
            "ref": null,
            "rendered": Object {
              "instance": null,
              "key": undefined,
              "nodeType": "class",
              "props": Object {
                "children": "done",
              },
              "ref": null,
              "rendered": "done",
              "type": [Function],
            },
            "type": [Function],
          },
        ],
        "type": [Function],
      },
    ],
    "type": [Function],
  },
  Symbol(enzyme.__nodes__): Array [
    Object {
      "instance": null,
      "key": undefined,
      "nodeType": "class",
      "props": Object {
        "children": Array [
          <WithStyles(Grid)
            item={true}
            md={undefined}
            xs={12}
          >
            <WithStyles(Typography)>
              232312313
            </WithStyles(Typography)>
          </WithStyles(Grid)>,
          <WithStyles(Grid)
            item={true}
            md={undefined}
            xs={12}
          >
            <WithStyles(Typography)
              className="nabi-margin-right-xsmall nabi-color-nabi nabi-display-inline"
              color="primary"
            >
              Phone Verified
            </WithStyles(Typography)>
            <WithStyles(IconButton)
              color="primary"
              disabled={true}
            >
              <WithStyles(Icon)>
                done
              </WithStyles(Icon)>
            </WithStyles(IconButton)>
          </WithStyles(Grid)>,
        ],
        "container": true,
        "item": true,
        "xs": 12,
      },
      "ref": null,
      "rendered": Array [
        Object {
          "instance": null,
          "key": undefined,
          "nodeType": "class",
          "props": Object {
            "children": <WithStyles(Typography)>
              232312313
            </WithStyles(Typography)>,
            "item": true,
            "md": undefined,
            "xs": 12,
          },
          "ref": null,
          "rendered": Object {
            "instance": null,
            "key": undefined,
            "nodeType": "class",
            "props": Object {
              "children": "232312313",
            },
            "ref": null,
            "rendered": "232312313",
            "type": [Function],
          },
          "type": [Function],
        },
        Object {
          "instance": null,
          "key": undefined,
          "nodeType": "class",
          "props": Object {
            "children": Array [
              <WithStyles(Typography)
                className="nabi-margin-right-xsmall nabi-color-nabi nabi-display-inline"
                color="primary"
              >
                Phone Verified
              </WithStyles(Typography)>,
              <WithStyles(IconButton)
                color="primary"
                disabled={true}
              >
                <WithStyles(Icon)>
                  done
                </WithStyles(Icon)>
              </WithStyles(IconButton)>,
            ],
            "item": true,
            "md": undefined,
            "xs": 12,
          },
          "ref": null,
          "rendered": Array [
            Object {
              "instance": null,
              "key": undefined,
              "nodeType": "class",
              "props": Object {
                "children": "Phone Verified",
                "className": "nabi-margin-right-xsmall nabi-color-nabi nabi-display-inline",
                "color": "primary",
              },
              "ref": null,
              "rendered": "Phone Verified",
              "type": [Function],
            },
            Object {
              "instance": null,
              "key": undefined,
              "nodeType": "class",
              "props": Object {
                "children": <WithStyles(Icon)>
                  done
                </WithStyles(Icon)>,
                "color": "primary",
                "disabled": true,
              },
              "ref": null,
              "rendered": Object {
                "instance": null,
                "key": undefined,
                "nodeType": "class",
                "props": Object {
                  "children": "done",
                },
                "ref": null,
                "rendered": "done",
                "type": [Function],
              },
              "type": [Function],
            },
          ],
          "type": [Function],
        },
      ],
      "type": [Function],
    },
  ],
  Symbol(enzyme.__options__): Object {
    "adapter": ReactSixteenAdapter {
      "options": Object {
        "enableComponentDidUpdateOnSetState": true,
        "legacyContextMode": "parent",
        "lifecycles": Object {
          "componentDidUpdate": Object {
            "onSetState": true,
          },
          "getChildContext": Object {
            "calledByRenderer": false,
          },
          "getDerivedStateFromError": true,
          "getDerivedStateFromProps": Object {
            "hasShouldComponentUpdateBug": false,
          },
          "getSnapshotBeforeUpdate": true,
          "setState": Object {
            "skipsComponentDidUpdateOnNullish": true,
          },
        },
      },
    },
    Symbol(enzyme.__providerValues__): undefined,
  },
  Symbol(enzyme.__providerValues__): Map {},
}
`;
