// Jest Snapshot v1, https://goo.gl/fbAQLP

exports[`StudentCard Matches snapshot 1`] = `
ShallowWrapper {
  Symbol(enzyme.__root__): [Circular],
  Symbol(enzyme.__unrendered__): <StudentCard
    student={
      Object {
        "lessonsRemaining": 4,
        "students": Array [
          Object {
            "age": 22,
            "instrument": "piano",
            "lessonDuration": "45 mins",
            "name": "Roxana",
            "placeForLessons": "home",
            "skillLevel": "beginner",
          },
        ],
        "user": Object {
          "birthday": "1996-07-12T04:00:00.000Z",
          "email": "rox@gmail.com",
          "firstName": "Roxana",
          "id": "0",
          "lastName": "Gallardo",
          "role": "student",
        },
      }
    }
    toggleBuyLessonsForm={[MockFunction]}
  />,
  Symbol(enzyme.__renderer__): Object {
    "batchedUpdates": [Function],
    "checkPropTypes": [Function],
    "getNode": [Function],
    "render": [Function],
    "simulateError": [Function],
    "simulateEvent": [Function],
    "unmount": [Function],
  },
  Symbol(enzyme.__node__): Object {
    "instance": null,
    "key": undefined,
    "nodeType": "class",
    "props": Object {
      "children": Array [
        <WithStyles(Grid)
          item={true}
          md={5}
          xs={12}
        >
          <WithStyles(Grid)
            container={true}
          >
            <WithStyles(Grid)
              item={true}
              xs={6}
            >
              <WithStyles(Typography)>
                Student
              </WithStyles(Typography)>
            </WithStyles(Grid)>
            <WithStyles(Grid)
              className="nabi-text-right"
              item={true}
              xs={6}
            >
              <WithStyles(Typography)>
                Roxana
              </WithStyles(Typography)>
            </WithStyles(Grid)>
            
            <WithStyles(Grid)
              item={true}
              xs={6}
            >
              <WithStyles(Typography)>
                Age
              </WithStyles(Typography)>
            </WithStyles(Grid)>
            <WithStyles(Grid)
              className="nabi-text-right"
              item={true}
              xs={6}
            >
              <WithStyles(Typography)>
                22
              </WithStyles(Typography)>
            </WithStyles(Grid)>
            <WithStyles(Grid)
              item={true}
              xs={6}
            >
              <WithStyles(Typography)>
                Instrument
              </WithStyles(Typography)>
            </WithStyles(Grid)>
            <WithStyles(Grid)
              className="nabi-text-right"
              item={true}
              xs={6}
            >
              <WithStyles(Typography)>
                Piano
              </WithStyles(Typography)>
            </WithStyles(Grid)>
            <WithStyles(Grid)
              item={true}
              xs={6}
            >
              <WithStyles(Typography)>
                Skill level
              </WithStyles(Typography)>
            </WithStyles(Grid)>
            <WithStyles(Grid)
              className="nabi-text-right"
              item={true}
              xs={6}
            >
              <WithStyles(Typography)>
                beginner
              </WithStyles(Typography)>
            </WithStyles(Grid)>
          </WithStyles(Grid)>
        </WithStyles(Grid)>,
        <WithStyles(Grid)
          className="nabi-text-center nabi-text-left-md nabi-padding-left-small-md"
          item={true}
          md={5}
          xs={12}
        >
          <WithStyles(Button)
            className="nabi-responsive-button nabi-margin-top-xsmall"
            color="primary"
            onClick={[MockFunction]}
            variant="contained"
          >
            4 Lessons Remaining
          </WithStyles(Button)>
          <br />
          <WithStyles(Button)
            className="nabi-responsive-button nabi-margin-top-xsmall nabi-margin-right-xsmall"
            color="primary"
            variant="contained"
          >
            Grade Lesson
          </WithStyles(Button)>
          <WithStyles(Button)
            className="nabi-responsive-button nabi-margin-top-xsmall"
            color="primary"
            variant="contained"
          >
            Contact Student
          </WithStyles(Button)>
        </WithStyles(Grid)>,
      ],
      "className": "nabi-margin-bottom-small",
      "container": true,
    },
    "ref": null,
    "rendered": Array [
      Object {
        "instance": null,
        "key": undefined,
        "nodeType": "class",
        "props": Object {
          "children": <WithStyles(Grid)
            container={true}
          >
            <WithStyles(Grid)
              item={true}
              xs={6}
            >
              <WithStyles(Typography)>
                Student
              </WithStyles(Typography)>
            </WithStyles(Grid)>
            <WithStyles(Grid)
              className="nabi-text-right"
              item={true}
              xs={6}
            >
              <WithStyles(Typography)>
                Roxana
              </WithStyles(Typography)>
            </WithStyles(Grid)>
            
            <WithStyles(Grid)
              item={true}
              xs={6}
            >
              <WithStyles(Typography)>
                Age
              </WithStyles(Typography)>
            </WithStyles(Grid)>
            <WithStyles(Grid)
              className="nabi-text-right"
              item={true}
              xs={6}
            >
              <WithStyles(Typography)>
                22
              </WithStyles(Typography)>
            </WithStyles(Grid)>
            <WithStyles(Grid)
              item={true}
              xs={6}
            >
              <WithStyles(Typography)>
                Instrument
              </WithStyles(Typography)>
            </WithStyles(Grid)>
            <WithStyles(Grid)
              className="nabi-text-right"
              item={true}
              xs={6}
            >
              <WithStyles(Typography)>
                Piano
              </WithStyles(Typography)>
            </WithStyles(Grid)>
            <WithStyles(Grid)
              item={true}
              xs={6}
            >
              <WithStyles(Typography)>
                Skill level
              </WithStyles(Typography)>
            </WithStyles(Grid)>
            <WithStyles(Grid)
              className="nabi-text-right"
              item={true}
              xs={6}
            >
              <WithStyles(Typography)>
                beginner
              </WithStyles(Typography)>
            </WithStyles(Grid)>
          </WithStyles(Grid)>,
          "item": true,
          "md": 5,
          "xs": 12,
        },
        "ref": null,
        "rendered": Object {
          "instance": null,
          "key": undefined,
          "nodeType": "class",
          "props": Object {
            "children": Array [
              <WithStyles(Grid)
                item={true}
                xs={6}
              >
                <WithStyles(Typography)>
                  Student
                </WithStyles(Typography)>
              </WithStyles(Grid)>,
              <WithStyles(Grid)
                className="nabi-text-right"
                item={true}
                xs={6}
              >
                <WithStyles(Typography)>
                  Roxana
                </WithStyles(Typography)>
              </WithStyles(Grid)>,
              "",
              <WithStyles(Grid)
                item={true}
                xs={6}
              >
                <WithStyles(Typography)>
                  Age
                </WithStyles(Typography)>
              </WithStyles(Grid)>,
              <WithStyles(Grid)
                className="nabi-text-right"
                item={true}
                xs={6}
              >
                <WithStyles(Typography)>
                  22
                </WithStyles(Typography)>
              </WithStyles(Grid)>,
              <WithStyles(Grid)
                item={true}
                xs={6}
              >
                <WithStyles(Typography)>
                  Instrument
                </WithStyles(Typography)>
              </WithStyles(Grid)>,
              <WithStyles(Grid)
                className="nabi-text-right"
                item={true}
                xs={6}
              >
                <WithStyles(Typography)>
                  Piano
                </WithStyles(Typography)>
              </WithStyles(Grid)>,
              <WithStyles(Grid)
                item={true}
                xs={6}
              >
                <WithStyles(Typography)>
                  Skill level
                </WithStyles(Typography)>
              </WithStyles(Grid)>,
              <WithStyles(Grid)
                className="nabi-text-right"
                item={true}
                xs={6}
              >
                <WithStyles(Typography)>
                  beginner
                </WithStyles(Typography)>
              </WithStyles(Grid)>,
            ],
            "container": true,
          },
          "ref": null,
          "rendered": Array [
            Object {
              "instance": null,
              "key": undefined,
              "nodeType": "class",
              "props": Object {
                "children": <WithStyles(Typography)>
                  Student
                </WithStyles(Typography)>,
                "item": true,
                "xs": 6,
              },
              "ref": null,
              "rendered": Object {
                "instance": null,
                "key": undefined,
                "nodeType": "class",
                "props": Object {
                  "children": "Student",
                },
                "ref": null,
                "rendered": "Student",
                "type": [Function],
              },
              "type": [Function],
            },
            Object {
              "instance": null,
              "key": undefined,
              "nodeType": "class",
              "props": Object {
                "children": <WithStyles(Typography)>
                  Roxana
                </WithStyles(Typography)>,
                "className": "nabi-text-right",
                "item": true,
                "xs": 6,
              },
              "ref": null,
              "rendered": Object {
                "instance": null,
                "key": undefined,
                "nodeType": "class",
                "props": Object {
                  "children": "Roxana",
                },
                "ref": null,
                "rendered": "Roxana",
                "type": [Function],
              },
              "type": [Function],
            },
            "",
            Object {
              "instance": null,
              "key": undefined,
              "nodeType": "class",
              "props": Object {
                "children": <WithStyles(Typography)>
                  Age
                </WithStyles(Typography)>,
                "item": true,
                "xs": 6,
              },
              "ref": null,
              "rendered": Object {
                "instance": null,
                "key": undefined,
                "nodeType": "class",
                "props": Object {
                  "children": "Age",
                },
                "ref": null,
                "rendered": "Age",
                "type": [Function],
              },
              "type": [Function],
            },
            Object {
              "instance": null,
              "key": undefined,
              "nodeType": "class",
              "props": Object {
                "children": <WithStyles(Typography)>
                  22
                </WithStyles(Typography)>,
                "className": "nabi-text-right",
                "item": true,
                "xs": 6,
              },
              "ref": null,
              "rendered": Object {
                "instance": null,
                "key": undefined,
                "nodeType": "class",
                "props": Object {
                  "children": 22,
                },
                "ref": null,
                "rendered": 22,
                "type": [Function],
              },
              "type": [Function],
            },
            Object {
              "instance": null,
              "key": undefined,
              "nodeType": "class",
              "props": Object {
                "children": <WithStyles(Typography)>
                  Instrument
                </WithStyles(Typography)>,
                "item": true,
                "xs": 6,
              },
              "ref": null,
              "rendered": Object {
                "instance": null,
                "key": undefined,
                "nodeType": "class",
                "props": Object {
                  "children": "Instrument",
                },
                "ref": null,
                "rendered": "Instrument",
                "type": [Function],
              },
              "type": [Function],
            },
            Object {
              "instance": null,
              "key": undefined,
              "nodeType": "class",
              "props": Object {
                "children": <WithStyles(Typography)>
                  Piano
                </WithStyles(Typography)>,
                "className": "nabi-text-right",
                "item": true,
                "xs": 6,
              },
              "ref": null,
              "rendered": Object {
                "instance": null,
                "key": undefined,
                "nodeType": "class",
                "props": Object {
                  "children": "Piano",
                },
                "ref": null,
                "rendered": "Piano",
                "type": [Function],
              },
              "type": [Function],
            },
            Object {
              "instance": null,
              "key": undefined,
              "nodeType": "class",
              "props": Object {
                "children": <WithStyles(Typography)>
                  Skill level
                </WithStyles(Typography)>,
                "item": true,
                "xs": 6,
              },
              "ref": null,
              "rendered": Object {
                "instance": null,
                "key": undefined,
                "nodeType": "class",
                "props": Object {
                  "children": "Skill level",
                },
                "ref": null,
                "rendered": "Skill level",
                "type": [Function],
              },
              "type": [Function],
            },
            Object {
              "instance": null,
              "key": undefined,
              "nodeType": "class",
              "props": Object {
                "children": <WithStyles(Typography)>
                  beginner
                </WithStyles(Typography)>,
                "className": "nabi-text-right",
                "item": true,
                "xs": 6,
              },
              "ref": null,
              "rendered": Object {
                "instance": null,
                "key": undefined,
                "nodeType": "class",
                "props": Object {
                  "children": "beginner",
                },
                "ref": null,
                "rendered": "beginner",
                "type": [Function],
              },
              "type": [Function],
            },
          ],
          "type": [Function],
        },
        "type": [Function],
      },
      Object {
        "instance": null,
        "key": undefined,
        "nodeType": "class",
        "props": Object {
          "children": Array [
            <WithStyles(Button)
              className="nabi-responsive-button nabi-margin-top-xsmall"
              color="primary"
              onClick={[MockFunction]}
              variant="contained"
            >
              4 Lessons Remaining
            </WithStyles(Button)>,
            <br />,
            <WithStyles(Button)
              className="nabi-responsive-button nabi-margin-top-xsmall nabi-margin-right-xsmall"
              color="primary"
              variant="contained"
            >
              Grade Lesson
            </WithStyles(Button)>,
            <WithStyles(Button)
              className="nabi-responsive-button nabi-margin-top-xsmall"
              color="primary"
              variant="contained"
            >
              Contact Student
            </WithStyles(Button)>,
          ],
          "className": "nabi-text-center nabi-text-left-md nabi-padding-left-small-md",
          "item": true,
          "md": 5,
          "xs": 12,
        },
        "ref": null,
        "rendered": Array [
          Object {
            "instance": null,
            "key": undefined,
            "nodeType": "class",
            "props": Object {
              "children": "4 Lessons Remaining",
              "className": "nabi-responsive-button nabi-margin-top-xsmall",
              "color": "primary",
              "onClick": [MockFunction],
              "variant": "contained",
            },
            "ref": null,
            "rendered": "4 Lessons Remaining",
            "type": [Function],
          },
          Object {
            "instance": null,
            "key": undefined,
            "nodeType": "host",
            "props": Object {},
            "ref": null,
            "rendered": null,
            "type": "br",
          },
          Object {
            "instance": null,
            "key": undefined,
            "nodeType": "class",
            "props": Object {
              "children": "Grade Lesson",
              "className": "nabi-responsive-button nabi-margin-top-xsmall nabi-margin-right-xsmall",
              "color": "primary",
              "variant": "contained",
            },
            "ref": null,
            "rendered": "Grade Lesson",
            "type": [Function],
          },
          Object {
            "instance": null,
            "key": undefined,
            "nodeType": "class",
            "props": Object {
              "children": "Contact Student",
              "className": "nabi-responsive-button nabi-margin-top-xsmall",
              "color": "primary",
              "variant": "contained",
            },
            "ref": null,
            "rendered": "Contact Student",
            "type": [Function],
          },
        ],
        "type": [Function],
      },
    ],
    "type": [Function],
  },
  Symbol(enzyme.__nodes__): Array [
    Object {
      "instance": null,
      "key": undefined,
      "nodeType": "class",
      "props": Object {
        "children": Array [
          <WithStyles(Grid)
            item={true}
            md={5}
            xs={12}
          >
            <WithStyles(Grid)
              container={true}
            >
              <WithStyles(Grid)
                item={true}
                xs={6}
              >
                <WithStyles(Typography)>
                  Student
                </WithStyles(Typography)>
              </WithStyles(Grid)>
              <WithStyles(Grid)
                className="nabi-text-right"
                item={true}
                xs={6}
              >
                <WithStyles(Typography)>
                  Roxana
                </WithStyles(Typography)>
              </WithStyles(Grid)>
              
              <WithStyles(Grid)
                item={true}
                xs={6}
              >
                <WithStyles(Typography)>
                  Age
                </WithStyles(Typography)>
              </WithStyles(Grid)>
              <WithStyles(Grid)
                className="nabi-text-right"
                item={true}
                xs={6}
              >
                <WithStyles(Typography)>
                  22
                </WithStyles(Typography)>
              </WithStyles(Grid)>
              <WithStyles(Grid)
                item={true}
                xs={6}
              >
                <WithStyles(Typography)>
                  Instrument
                </WithStyles(Typography)>
              </WithStyles(Grid)>
              <WithStyles(Grid)
                className="nabi-text-right"
                item={true}
                xs={6}
              >
                <WithStyles(Typography)>
                  Piano
                </WithStyles(Typography)>
              </WithStyles(Grid)>
              <WithStyles(Grid)
                item={true}
                xs={6}
              >
                <WithStyles(Typography)>
                  Skill level
                </WithStyles(Typography)>
              </WithStyles(Grid)>
              <WithStyles(Grid)
                className="nabi-text-right"
                item={true}
                xs={6}
              >
                <WithStyles(Typography)>
                  beginner
                </WithStyles(Typography)>
              </WithStyles(Grid)>
            </WithStyles(Grid)>
          </WithStyles(Grid)>,
          <WithStyles(Grid)
            className="nabi-text-center nabi-text-left-md nabi-padding-left-small-md"
            item={true}
            md={5}
            xs={12}
          >
            <WithStyles(Button)
              className="nabi-responsive-button nabi-margin-top-xsmall"
              color="primary"
              onClick={[MockFunction]}
              variant="contained"
            >
              4 Lessons Remaining
            </WithStyles(Button)>
            <br />
            <WithStyles(Button)
              className="nabi-responsive-button nabi-margin-top-xsmall nabi-margin-right-xsmall"
              color="primary"
              variant="contained"
            >
              Grade Lesson
            </WithStyles(Button)>
            <WithStyles(Button)
              className="nabi-responsive-button nabi-margin-top-xsmall"
              color="primary"
              variant="contained"
            >
              Contact Student
            </WithStyles(Button)>
          </WithStyles(Grid)>,
        ],
        "className": "nabi-margin-bottom-small",
        "container": true,
      },
      "ref": null,
      "rendered": Array [
        Object {
          "instance": null,
          "key": undefined,
          "nodeType": "class",
          "props": Object {
            "children": <WithStyles(Grid)
              container={true}
            >
              <WithStyles(Grid)
                item={true}
                xs={6}
              >
                <WithStyles(Typography)>
                  Student
                </WithStyles(Typography)>
              </WithStyles(Grid)>
              <WithStyles(Grid)
                className="nabi-text-right"
                item={true}
                xs={6}
              >
                <WithStyles(Typography)>
                  Roxana
                </WithStyles(Typography)>
              </WithStyles(Grid)>
              
              <WithStyles(Grid)
                item={true}
                xs={6}
              >
                <WithStyles(Typography)>
                  Age
                </WithStyles(Typography)>
              </WithStyles(Grid)>
              <WithStyles(Grid)
                className="nabi-text-right"
                item={true}
                xs={6}
              >
                <WithStyles(Typography)>
                  22
                </WithStyles(Typography)>
              </WithStyles(Grid)>
              <WithStyles(Grid)
                item={true}
                xs={6}
              >
                <WithStyles(Typography)>
                  Instrument
                </WithStyles(Typography)>
              </WithStyles(Grid)>
              <WithStyles(Grid)
                className="nabi-text-right"
                item={true}
                xs={6}
              >
                <WithStyles(Typography)>
                  Piano
                </WithStyles(Typography)>
              </WithStyles(Grid)>
              <WithStyles(Grid)
                item={true}
                xs={6}
              >
                <WithStyles(Typography)>
                  Skill level
                </WithStyles(Typography)>
              </WithStyles(Grid)>
              <WithStyles(Grid)
                className="nabi-text-right"
                item={true}
                xs={6}
              >
                <WithStyles(Typography)>
                  beginner
                </WithStyles(Typography)>
              </WithStyles(Grid)>
            </WithStyles(Grid)>,
            "item": true,
            "md": 5,
            "xs": 12,
          },
          "ref": null,
          "rendered": Object {
            "instance": null,
            "key": undefined,
            "nodeType": "class",
            "props": Object {
              "children": Array [
                <WithStyles(Grid)
                  item={true}
                  xs={6}
                >
                  <WithStyles(Typography)>
                    Student
                  </WithStyles(Typography)>
                </WithStyles(Grid)>,
                <WithStyles(Grid)
                  className="nabi-text-right"
                  item={true}
                  xs={6}
                >
                  <WithStyles(Typography)>
                    Roxana
                  </WithStyles(Typography)>
                </WithStyles(Grid)>,
                "",
                <WithStyles(Grid)
                  item={true}
                  xs={6}
                >
                  <WithStyles(Typography)>
                    Age
                  </WithStyles(Typography)>
                </WithStyles(Grid)>,
                <WithStyles(Grid)
                  className="nabi-text-right"
                  item={true}
                  xs={6}
                >
                  <WithStyles(Typography)>
                    22
                  </WithStyles(Typography)>
                </WithStyles(Grid)>,
                <WithStyles(Grid)
                  item={true}
                  xs={6}
                >
                  <WithStyles(Typography)>
                    Instrument
                  </WithStyles(Typography)>
                </WithStyles(Grid)>,
                <WithStyles(Grid)
                  className="nabi-text-right"
                  item={true}
                  xs={6}
                >
                  <WithStyles(Typography)>
                    Piano
                  </WithStyles(Typography)>
                </WithStyles(Grid)>,
                <WithStyles(Grid)
                  item={true}
                  xs={6}
                >
                  <WithStyles(Typography)>
                    Skill level
                  </WithStyles(Typography)>
                </WithStyles(Grid)>,
                <WithStyles(Grid)
                  className="nabi-text-right"
                  item={true}
                  xs={6}
                >
                  <WithStyles(Typography)>
                    beginner
                  </WithStyles(Typography)>
                </WithStyles(Grid)>,
              ],
              "container": true,
            },
            "ref": null,
            "rendered": Array [
              Object {
                "instance": null,
                "key": undefined,
                "nodeType": "class",
                "props": Object {
                  "children": <WithStyles(Typography)>
                    Student
                  </WithStyles(Typography)>,
                  "item": true,
                  "xs": 6,
                },
                "ref": null,
                "rendered": Object {
                  "instance": null,
                  "key": undefined,
                  "nodeType": "class",
                  "props": Object {
                    "children": "Student",
                  },
                  "ref": null,
                  "rendered": "Student",
                  "type": [Function],
                },
                "type": [Function],
              },
              Object {
                "instance": null,
                "key": undefined,
                "nodeType": "class",
                "props": Object {
                  "children": <WithStyles(Typography)>
                    Roxana
                  </WithStyles(Typography)>,
                  "className": "nabi-text-right",
                  "item": true,
                  "xs": 6,
                },
                "ref": null,
                "rendered": Object {
                  "instance": null,
                  "key": undefined,
                  "nodeType": "class",
                  "props": Object {
                    "children": "Roxana",
                  },
                  "ref": null,
                  "rendered": "Roxana",
                  "type": [Function],
                },
                "type": [Function],
              },
              "",
              Object {
                "instance": null,
                "key": undefined,
                "nodeType": "class",
                "props": Object {
                  "children": <WithStyles(Typography)>
                    Age
                  </WithStyles(Typography)>,
                  "item": true,
                  "xs": 6,
                },
                "ref": null,
                "rendered": Object {
                  "instance": null,
                  "key": undefined,
                  "nodeType": "class",
                  "props": Object {
                    "children": "Age",
                  },
                  "ref": null,
                  "rendered": "Age",
                  "type": [Function],
                },
                "type": [Function],
              },
              Object {
                "instance": null,
                "key": undefined,
                "nodeType": "class",
                "props": Object {
                  "children": <WithStyles(Typography)>
                    22
                  </WithStyles(Typography)>,
                  "className": "nabi-text-right",
                  "item": true,
                  "xs": 6,
                },
                "ref": null,
                "rendered": Object {
                  "instance": null,
                  "key": undefined,
                  "nodeType": "class",
                  "props": Object {
                    "children": 22,
                  },
                  "ref": null,
                  "rendered": 22,
                  "type": [Function],
                },
                "type": [Function],
              },
              Object {
                "instance": null,
                "key": undefined,
                "nodeType": "class",
                "props": Object {
                  "children": <WithStyles(Typography)>
                    Instrument
                  </WithStyles(Typography)>,
                  "item": true,
                  "xs": 6,
                },
                "ref": null,
                "rendered": Object {
                  "instance": null,
                  "key": undefined,
                  "nodeType": "class",
                  "props": Object {
                    "children": "Instrument",
                  },
                  "ref": null,
                  "rendered": "Instrument",
                  "type": [Function],
                },
                "type": [Function],
              },
              Object {
                "instance": null,
                "key": undefined,
                "nodeType": "class",
                "props": Object {
                  "children": <WithStyles(Typography)>
                    Piano
                  </WithStyles(Typography)>,
                  "className": "nabi-text-right",
                  "item": true,
                  "xs": 6,
                },
                "ref": null,
                "rendered": Object {
                  "instance": null,
                  "key": undefined,
                  "nodeType": "class",
                  "props": Object {
                    "children": "Piano",
                  },
                  "ref": null,
                  "rendered": "Piano",
                  "type": [Function],
                },
                "type": [Function],
              },
              Object {
                "instance": null,
                "key": undefined,
                "nodeType": "class",
                "props": Object {
                  "children": <WithStyles(Typography)>
                    Skill level
                  </WithStyles(Typography)>,
                  "item": true,
                  "xs": 6,
                },
                "ref": null,
                "rendered": Object {
                  "instance": null,
                  "key": undefined,
                  "nodeType": "class",
                  "props": Object {
                    "children": "Skill level",
                  },
                  "ref": null,
                  "rendered": "Skill level",
                  "type": [Function],
                },
                "type": [Function],
              },
              Object {
                "instance": null,
                "key": undefined,
                "nodeType": "class",
                "props": Object {
                  "children": <WithStyles(Typography)>
                    beginner
                  </WithStyles(Typography)>,
                  "className": "nabi-text-right",
                  "item": true,
                  "xs": 6,
                },
                "ref": null,
                "rendered": Object {
                  "instance": null,
                  "key": undefined,
                  "nodeType": "class",
                  "props": Object {
                    "children": "beginner",
                  },
                  "ref": null,
                  "rendered": "beginner",
                  "type": [Function],
                },
                "type": [Function],
              },
            ],
            "type": [Function],
          },
          "type": [Function],
        },
        Object {
          "instance": null,
          "key": undefined,
          "nodeType": "class",
          "props": Object {
            "children": Array [
              <WithStyles(Button)
                className="nabi-responsive-button nabi-margin-top-xsmall"
                color="primary"
                onClick={[MockFunction]}
                variant="contained"
              >
                4 Lessons Remaining
              </WithStyles(Button)>,
              <br />,
              <WithStyles(Button)
                className="nabi-responsive-button nabi-margin-top-xsmall nabi-margin-right-xsmall"
                color="primary"
                variant="contained"
              >
                Grade Lesson
              </WithStyles(Button)>,
              <WithStyles(Button)
                className="nabi-responsive-button nabi-margin-top-xsmall"
                color="primary"
                variant="contained"
              >
                Contact Student
              </WithStyles(Button)>,
            ],
            "className": "nabi-text-center nabi-text-left-md nabi-padding-left-small-md",
            "item": true,
            "md": 5,
            "xs": 12,
          },
          "ref": null,
          "rendered": Array [
            Object {
              "instance": null,
              "key": undefined,
              "nodeType": "class",
              "props": Object {
                "children": "4 Lessons Remaining",
                "className": "nabi-responsive-button nabi-margin-top-xsmall",
                "color": "primary",
                "onClick": [MockFunction],
                "variant": "contained",
              },
              "ref": null,
              "rendered": "4 Lessons Remaining",
              "type": [Function],
            },
            Object {
              "instance": null,
              "key": undefined,
              "nodeType": "host",
              "props": Object {},
              "ref": null,
              "rendered": null,
              "type": "br",
            },
            Object {
              "instance": null,
              "key": undefined,
              "nodeType": "class",
              "props": Object {
                "children": "Grade Lesson",
                "className": "nabi-responsive-button nabi-margin-top-xsmall nabi-margin-right-xsmall",
                "color": "primary",
                "variant": "contained",
              },
              "ref": null,
              "rendered": "Grade Lesson",
              "type": [Function],
            },
            Object {
              "instance": null,
              "key": undefined,
              "nodeType": "class",
              "props": Object {
                "children": "Contact Student",
                "className": "nabi-responsive-button nabi-margin-top-xsmall",
                "color": "primary",
                "variant": "contained",
              },
              "ref": null,
              "rendered": "Contact Student",
              "type": [Function],
            },
          ],
          "type": [Function],
        },
      ],
      "type": [Function],
    },
  ],
  Symbol(enzyme.__options__): Object {
    "adapter": ReactSixteenAdapter {
      "options": Object {
        "enableComponentDidUpdateOnSetState": true,
        "legacyContextMode": "parent",
        "lifecycles": Object {
          "componentDidUpdate": Object {
            "onSetState": true,
          },
          "getChildContext": Object {
            "calledByRenderer": false,
          },
          "getDerivedStateFromError": true,
          "getDerivedStateFromProps": Object {
            "hasShouldComponentUpdateBug": false,
          },
          "getSnapshotBeforeUpdate": true,
          "setState": Object {
            "skipsComponentDidUpdateOnNullish": true,
          },
        },
      },
    },
    Symbol(enzyme.__providerValues__): undefined,
  },
  Symbol(enzyme.__providerValues__): Map {},
}
`;
