// Jest Snapshot v1, https://goo.gl/fbAQLP

exports[`Requests Matches snapshot 1`] = `
ShallowWrapper {
  Symbol(enzyme.__root__): [Circular],
  Symbol(enzyme.__unrendered__): <Requests
    requests={
      Array [
        Object {
          "applications": 17,
          "createdAt": "Sun Apr 21 2019 18:51:56",
          "instrument": "Piano",
          "lessonDuration": "45",
          "location": "Boston, Ma",
          "placeForLessons": "studio",
          "requestMessage": "Lorem Ipsum is simply dummy text of the printing",
          "requestTitle": "fun and experience piano instructor",
          "students": Array [
            Object {
              "age": 18,
              "name": "Peter",
              "skillLevel": "Beginner",
            },
            Object {
              "age": 15,
              "name": "Sayvent",
              "skillLevel": "Beginner",
            },
          ],
        },
      ]
    }
  />,
  Symbol(enzyme.__renderer__): Object {
    "batchedUpdates": [Function],
    "checkPropTypes": [Function],
    "getNode": [Function],
    "render": [Function],
    "simulateError": [Function],
    "simulateEvent": [Function],
    "unmount": [Function],
  },
  Symbol(enzyme.__node__): Object {
    "instance": null,
    "key": undefined,
    "nodeType": "host",
    "props": Object {
      "children": Array [
        <RequestCard
          request={
            Object {
              "applications": 17,
              "createdAt": "Sun Apr 21 2019 18:51:56",
              "instrument": "Piano",
              "lessonDuration": "45",
              "location": "Boston, Ma",
              "placeForLessons": "studio",
              "requestMessage": "Lorem Ipsum is simply dummy text of the printing",
              "requestTitle": "fun and experience piano instructor",
              "students": Array [
                Object {
                  "age": 18,
                  "name": "Peter",
                  "skillLevel": "Beginner",
                },
                Object {
                  "age": 15,
                  "name": "Sayvent",
                  "skillLevel": "Beginner",
                },
              ],
            }
          }
        />,
      ],
    },
    "ref": null,
    "rendered": Array [
      Object {
        "instance": null,
        "key": "0",
        "nodeType": "function",
        "props": Object {
          "request": Object {
            "applications": 17,
            "createdAt": "Sun Apr 21 2019 18:51:56",
            "instrument": "Piano",
            "lessonDuration": "45",
            "location": "Boston, Ma",
            "placeForLessons": "studio",
            "requestMessage": "Lorem Ipsum is simply dummy text of the printing",
            "requestTitle": "fun and experience piano instructor",
            "students": Array [
              Object {
                "age": 18,
                "name": "Peter",
                "skillLevel": "Beginner",
              },
              Object {
                "age": 15,
                "name": "Sayvent",
                "skillLevel": "Beginner",
              },
            ],
          },
        },
        "ref": null,
        "rendered": null,
        "type": [Function],
      },
    ],
    "type": "div",
  },
  Symbol(enzyme.__nodes__): Array [
    Object {
      "instance": null,
      "key": undefined,
      "nodeType": "host",
      "props": Object {
        "children": Array [
          <RequestCard
            request={
              Object {
                "applications": 17,
                "createdAt": "Sun Apr 21 2019 18:51:56",
                "instrument": "Piano",
                "lessonDuration": "45",
                "location": "Boston, Ma",
                "placeForLessons": "studio",
                "requestMessage": "Lorem Ipsum is simply dummy text of the printing",
                "requestTitle": "fun and experience piano instructor",
                "students": Array [
                  Object {
                    "age": 18,
                    "name": "Peter",
                    "skillLevel": "Beginner",
                  },
                  Object {
                    "age": 15,
                    "name": "Sayvent",
                    "skillLevel": "Beginner",
                  },
                ],
              }
            }
          />,
        ],
      },
      "ref": null,
      "rendered": Array [
        Object {
          "instance": null,
          "key": "0",
          "nodeType": "function",
          "props": Object {
            "request": Object {
              "applications": 17,
              "createdAt": "Sun Apr 21 2019 18:51:56",
              "instrument": "Piano",
              "lessonDuration": "45",
              "location": "Boston, Ma",
              "placeForLessons": "studio",
              "requestMessage": "Lorem Ipsum is simply dummy text of the printing",
              "requestTitle": "fun and experience piano instructor",
              "students": Array [
                Object {
                  "age": 18,
                  "name": "Peter",
                  "skillLevel": "Beginner",
                },
                Object {
                  "age": 15,
                  "name": "Sayvent",
                  "skillLevel": "Beginner",
                },
              ],
            },
          },
          "ref": null,
          "rendered": null,
          "type": [Function],
        },
      ],
      "type": "div",
    },
  ],
  Symbol(enzyme.__options__): Object {
    "adapter": ReactSixteenAdapter {
      "options": Object {
        "enableComponentDidUpdateOnSetState": true,
        "legacyContextMode": "parent",
        "lifecycles": Object {
          "componentDidUpdate": Object {
            "onSetState": true,
          },
          "getChildContext": Object {
            "calledByRenderer": false,
          },
          "getDerivedStateFromError": true,
          "getDerivedStateFromProps": Object {
            "hasShouldComponentUpdateBug": false,
          },
          "getSnapshotBeforeUpdate": true,
          "setState": Object {
            "skipsComponentDidUpdateOnNullish": true,
          },
        },
      },
    },
    Symbol(enzyme.__providerValues__): undefined,
  },
  Symbol(enzyme.__providerValues__): Map {},
}
`;
