// Jest Snapshot v1, https://goo.gl/fbAQLP

exports[`RequestAdded Shallow Matches snapshot 1`] = `
ShallowWrapper {
  Symbol(enzyme.__root__): [Circular],
  Symbol(enzyme.__unrendered__): <StudentAdded
    age={22}
    deleteStudent={[MockFunction]}
    name="Roxana"
    skillLevel="beginner"
  />,
  Symbol(enzyme.__renderer__): Object {
    "batchedUpdates": [Function],
    "checkPropTypes": [Function],
    "getNode": [Function],
    "render": [Function],
    "simulateError": [Function],
    "simulateEvent": [Function],
    "unmount": [Function],
  },
  Symbol(enzyme.__node__): Object {
    "instance": null,
    "key": undefined,
    "nodeType": "class",
    "props": Object {
      "children": <WithStyles(ListItem)>
        <WithStyles(ListItemText)
          primary="- Roxana, 22 yrs old (beginner)"
        />
        <WithStyles(ListItemSecondaryAction)>
          <WithStyles(IconButton)
            aria-label="Delete"
            onClick={[Function]}
          >
            <WithStyles(Icon)>
              delete
            </WithStyles(Icon)>
          </WithStyles(IconButton)>
        </WithStyles(ListItemSecondaryAction)>
      </WithStyles(ListItem)>,
      "item": true,
      "md": 6,
      "xs": 12,
    },
    "ref": null,
    "rendered": Object {
      "instance": null,
      "key": undefined,
      "nodeType": "class",
      "props": Object {
        "children": Array [
          <WithStyles(ListItemText)
            primary="- Roxana, 22 yrs old (beginner)"
          />,
          <WithStyles(ListItemSecondaryAction)>
            <WithStyles(IconButton)
              aria-label="Delete"
              onClick={[Function]}
            >
              <WithStyles(Icon)>
                delete
              </WithStyles(Icon)>
            </WithStyles(IconButton)>
          </WithStyles(ListItemSecondaryAction)>,
        ],
      },
      "ref": null,
      "rendered": Array [
        Object {
          "instance": null,
          "key": undefined,
          "nodeType": "class",
          "props": Object {
            "primary": "- Roxana, 22 yrs old (beginner)",
          },
          "ref": null,
          "rendered": null,
          "type": [Function],
        },
        Object {
          "instance": null,
          "key": undefined,
          "nodeType": "class",
          "props": Object {
            "children": <WithStyles(IconButton)
              aria-label="Delete"
              onClick={[Function]}
            >
              <WithStyles(Icon)>
                delete
              </WithStyles(Icon)>
            </WithStyles(IconButton)>,
          },
          "ref": null,
          "rendered": Object {
            "instance": null,
            "key": undefined,
            "nodeType": "class",
            "props": Object {
              "aria-label": "Delete",
              "children": <WithStyles(Icon)>
                delete
              </WithStyles(Icon)>,
              "onClick": [Function],
            },
            "ref": null,
            "rendered": Object {
              "instance": null,
              "key": undefined,
              "nodeType": "class",
              "props": Object {
                "children": "delete",
              },
              "ref": null,
              "rendered": "delete",
              "type": [Function],
            },
            "type": [Function],
          },
          "type": [Function],
        },
      ],
      "type": [Function],
    },
    "type": [Function],
  },
  Symbol(enzyme.__nodes__): Array [
    Object {
      "instance": null,
      "key": undefined,
      "nodeType": "class",
      "props": Object {
        "children": <WithStyles(ListItem)>
          <WithStyles(ListItemText)
            primary="- Roxana, 22 yrs old (beginner)"
          />
          <WithStyles(ListItemSecondaryAction)>
            <WithStyles(IconButton)
              aria-label="Delete"
              onClick={[Function]}
            >
              <WithStyles(Icon)>
                delete
              </WithStyles(Icon)>
            </WithStyles(IconButton)>
          </WithStyles(ListItemSecondaryAction)>
        </WithStyles(ListItem)>,
        "item": true,
        "md": 6,
        "xs": 12,
      },
      "ref": null,
      "rendered": Object {
        "instance": null,
        "key": undefined,
        "nodeType": "class",
        "props": Object {
          "children": Array [
            <WithStyles(ListItemText)
              primary="- Roxana, 22 yrs old (beginner)"
            />,
            <WithStyles(ListItemSecondaryAction)>
              <WithStyles(IconButton)
                aria-label="Delete"
                onClick={[Function]}
              >
                <WithStyles(Icon)>
                  delete
                </WithStyles(Icon)>
              </WithStyles(IconButton)>
            </WithStyles(ListItemSecondaryAction)>,
          ],
        },
        "ref": null,
        "rendered": Array [
          Object {
            "instance": null,
            "key": undefined,
            "nodeType": "class",
            "props": Object {
              "primary": "- Roxana, 22 yrs old (beginner)",
            },
            "ref": null,
            "rendered": null,
            "type": [Function],
          },
          Object {
            "instance": null,
            "key": undefined,
            "nodeType": "class",
            "props": Object {
              "children": <WithStyles(IconButton)
                aria-label="Delete"
                onClick={[Function]}
              >
                <WithStyles(Icon)>
                  delete
                </WithStyles(Icon)>
              </WithStyles(IconButton)>,
            },
            "ref": null,
            "rendered": Object {
              "instance": null,
              "key": undefined,
              "nodeType": "class",
              "props": Object {
                "aria-label": "Delete",
                "children": <WithStyles(Icon)>
                  delete
                </WithStyles(Icon)>,
                "onClick": [Function],
              },
              "ref": null,
              "rendered": Object {
                "instance": null,
                "key": undefined,
                "nodeType": "class",
                "props": Object {
                  "children": "delete",
                },
                "ref": null,
                "rendered": "delete",
                "type": [Function],
              },
              "type": [Function],
            },
            "type": [Function],
          },
        ],
        "type": [Function],
      },
      "type": [Function],
    },
  ],
  Symbol(enzyme.__options__): Object {
    "adapter": ReactSixteenAdapter {
      "options": Object {
        "enableComponentDidUpdateOnSetState": true,
        "legacyContextMode": "parent",
        "lifecycles": Object {
          "componentDidUpdate": Object {
            "onSetState": true,
          },
          "getChildContext": Object {
            "calledByRenderer": false,
          },
          "getDerivedStateFromError": true,
          "getDerivedStateFromProps": Object {
            "hasShouldComponentUpdateBug": false,
          },
          "getSnapshotBeforeUpdate": true,
          "setState": Object {
            "skipsComponentDidUpdateOnNullish": true,
          },
        },
      },
    },
    Symbol(enzyme.__providerValues__): undefined,
  },
  Symbol(enzyme.__providerValues__): Map {},
}
`;
